Archive member included because of file (symbol)

/cygdrive/f/ARM2008q3-66-GPL/build/install/Bin/../lib/gcc/arm-none-eabi/4.3.2/libgcc.a(_udivsi3.o)
                              .\obj\serial.o (__aeabi_uidiv)
/cygdrive/f/ARM2008q3-66-GPL/build/install/Bin/../lib/gcc/arm-none-eabi/4.3.2/libgcc.a(_dvmd_tls.o)
                              /cygdrive/f/ARM2008q3-66-GPL/build/install/Bin/../lib/gcc/arm-none-eabi/4.3.2/libgcc.a(_udivsi3.o) (__aeabi_idiv0)

Memory Configuration

Name             Origin             Length             Attributes
ROM              0x00000000         0x0007f000         xr
RAM              0x40000000         0x00007fe0         rw
*default*        0x00000000         0xffffffff

Linker script and memory map

LOAD .\obj\crt0.o
LOAD .\obj\armvic.o
LOAD .\obj\wiring_pins.o
LOAD .\obj\fio.o
LOAD .\obj\irq.o
LOAD .\obj\main.o
LOAD .\obj\nothrow.o
LOAD .\obj\serial.o
LOAD .\obj\sbl_iap.o
LOAD .\obj\sfbchecksum.o
LOAD .\obj\sfboard_tests.o
LOAD .\obj\syscalls.o
LOAD .\obj\sys_init.o
LOAD .\obj\wiring.o
LOAD /cygdrive/f/ARM2008q3-66-GPL/build/install/Bin/../lib/gcc/arm-none-eabi/4.3.2/../../../../arm-none-eabi/lib/libm.a
START GROUP
LOAD /cygdrive/f/ARM2008q3-66-GPL/build/install/Bin/../lib/gcc/arm-none-eabi/4.3.2/libgcc.a
LOAD /cygdrive/f/ARM2008q3-66-GPL/build/install/Bin/../lib/gcc/arm-none-eabi/4.3.2/../../../../arm-none-eabi/lib/libc.a
END GROUP

.text           0x00000000     0x1908
 *(.RESET)
 .RESET         0x00000000      0x144 .\obj\crt0.o
 *(.text .text.*)
 .text          0x00000144        0x0 .\obj\crt0.o
 .text          0x00000144        0x0 .\obj\armvic.o
 .text.__get_cpsr
                0x00000144        0x8 .\obj\armvic.o
 .text.__set_cpsr
                0x0000014c        0x8 .\obj\armvic.o
 .text.disableIRQ
                0x00000154       0x20 .\obj\armvic.o
                0x00000154                disableIRQ
 .text.restoreIRQ
                0x00000174       0x2c .\obj\armvic.o
                0x00000174                restoreIRQ
 .text.enableIRQ
                0x000001a0       0x20 .\obj\armvic.o
                0x000001a0                enableIRQ
 .text.disableFIQ
                0x000001c0       0x20 .\obj\armvic.o
                0x000001c0                disableFIQ
 .text.restoreFIQ
                0x000001e0       0x2c .\obj\armvic.o
                0x000001e0                restoreFIQ
 .text.enableFIQ
                0x0000020c       0x20 .\obj\armvic.o
                0x0000020c                enableFIQ
 .text          0x0000022c        0x0 .\obj\wiring_pins.o
 .text          0x0000022c        0x0 .\obj\fio.o
 .text.GPIOInit
                0x0000022c       0xb0 .\obj\fio.o
                0x0000022c                GPIOInit
 .text          0x000002dc        0x0 .\obj\irq.o
 .text._Z8init_VICv
                0x000002dc       0x38 .\obj\irq.o
                0x000002dc                _Z8init_VICv
 .text._Z11install_irqmPvm
                0x00000314       0x40 .\obj\irq.o
                0x00000314                _Z11install_irqmPvm
 .text          0x00000354        0x0 .\obj\main.o
 .text._vfprintf_r
                0x00000354        0x8 .\obj\main.o
                0x00000354                _vfprintf_r
 .text._malloc_r
                0x0000035c        0x8 .\obj\main.o
                0x0000035c                _malloc_r
 .text._free_r  0x00000364        0x4 .\obj\main.o
                0x00000364                _free_r
 .text._realloc_r
                0x00000368        0x8 .\obj\main.o
                0x00000368                _realloc_r
 .text.realloc  0x00000370        0x8 .\obj\main.o
                0x00000370                realloc
 .text._calloc_r
                0x00000378        0x8 .\obj\main.o
                0x00000378                _calloc_r
 .text.malloc   0x00000380        0x8 .\obj\main.o
                0x00000380                malloc
 .text.free     0x00000388        0x4 .\obj\main.o
                0x00000388                free
 .text._GLOBAL__I__vfprintf_r
                0x0000038c       0x1c .\obj\main.o
 .text._Z10BufferLoadjh
                0x000003a8       0x9c .\obj\main.o
                0x000003a8                _Z10BufferLoadjh
 .text._Z9BlockReadjh
                0x00000444       0x84 .\obj\main.o
                0x00000444                _Z9BlockReadjh
 .text._Z16ButterflyServicec
                0x000004c8      0x380 .\obj\main.o
                0x000004c8                _Z16ButterflyServicec
 .text.main     0x00000848      0x108 .\obj\main.o
                0x00000848                main
 .text          0x00000950        0x0 .\obj\nothrow.o
 .text._Z5raisei
                0x00000950        0x8 .\obj\nothrow.o
                0x00000950                _Z5raisei
 .text.__aeabi_atexit
                0x00000958        0x8 .\obj\nothrow.o
                0x00000958                __aeabi_atexit
 .text._ZdlPv   0x00000960       0x10 .\obj\nothrow.o
                0x00000960                _ZdlPv
 .text._Znwj    0x00000970       0x10 .\obj\nothrow.o
                0x00000970                _Znwj
 .text          0x00000980        0x0 .\obj\serial.o
 .text._Z9SerialISRh
                0x00000980       0xd8 .\obj\serial.o
                0x00000980                _Z9SerialISRh
 .text._Z10Serial0ISRv
                0x00000a58       0x30 .\obj\serial.o
                0x00000a58                _Z10Serial0ISRv
 .text._Z10Serial1ISRv
                0x00000a88       0x30 .\obj\serial.o
                0x00000a88                _Z10Serial1ISRv
 .text._Z10Serial2ISRv
                0x00000ab8       0x30 .\obj\serial.o
                0x00000ab8                _Z10Serial2ISRv
 .text._Z10Serial3ISRv
                0x00000ae8       0x30 .\obj\serial.o
                0x00000ae8                _Z10Serial3ISRv
 .text._Z15SerialAvailableh
                0x00000b18       0x24 .\obj\serial.o
                0x00000b18                _Z15SerialAvailableh
 .text._Z11SerialWritehi
                0x00000b3c       0x28 .\obj\serial.o
                0x00000b3c                _Z11SerialWritehi
 .text._Z9SerialStrhPc
                0x00000b64       0x34 .\obj\serial.o
                0x00000b64                _Z9SerialStrhPc
 .text._Z10SerialReadh
                0x00000b98       0x48 .\obj\serial.o
                0x00000b98                _Z10SerialReadh
 .text._Z11SerialFlushh
                0x00000be0       0x1c .\obj\serial.o
                0x00000be0                _Z11SerialFlushh
 .text._Z14SerialBusyReadh
                0x00000bfc       0x20 .\obj\serial.o
                0x00000bfc                _Z14SerialBusyReadh
 .text._Z11SerialBeginhm
                0x00000c1c      0x110 .\obj\serial.o
                0x00000c1c                _Z11SerialBeginhm
 .text          0x00000d2c        0x0 .\obj\sbl_iap.o
 .text._Z9iap_entryPjS_
                0x00000d2c       0x18 .\obj\sbl_iap.o
                0x00000d2c                _Z9iap_entryPjS_
 .text._Z14prepare_sectorjjj
                0x00000d44       0x2c .\obj\sbl_iap.o
                0x00000d44                _Z14prepare_sectorjjj
 .text._Z12erase_sectorjjj
                0x00000d70       0x2c .\obj\sbl_iap.o
                0x00000d70                _Z12erase_sectorjjj
 .text._Z17enable_interruptsj
                0x00000d9c        0xc .\obj\sbl_iap.o
                0x00000d9c                _Z17enable_interruptsj
 .text._Z18disable_interruptsj
                0x00000da8        0xc .\obj\sbl_iap.o
                0x00000da8                _Z18disable_interruptsj
 .text._Z10write_datajjPjj
                0x00000db4       0x54 .\obj\sbl_iap.o
                0x00000db4                _Z10write_datajjPjj
 .text._Z25find_erase_prepare_sectorjj
                0x00000e08       0x94 .\obj\sbl_iap.o
                0x00000e08                _Z25find_erase_prepare_sectorjj
 .text._Z11write_flashPjPhj
                0x00000e9c       0xd0 .\obj\sbl_iap.o
                0x00000e9c                _Z11write_flashPjPhj
 .text._Z17execute_user_codev
                0x00000f6c       0x24 .\obj\sbl_iap.o
                0x00000f6c                _Z17execute_user_codev
 .text._Z17user_code_presentv
                0x00000f90       0x48 .\obj\sbl_iap.o
                0x00000f90                _Z17user_code_presentv
 .text._Z19check_isp_entry_pinv
                0x00000fd8       0x18 .\obj\sbl_iap.o
                0x00000fd8                _Z19check_isp_entry_pinv
 .text._Z16erase_user_flashv
                0x00000ff0       0x4c .\obj\sbl_iap.o
                0x00000ff0                _Z16erase_user_flashv
 .text          0x0000103c        0x0 .\obj\sfbchecksum.o
 .text._Z15SFBChecksumInitPm
                0x0000103c       0x1c .\obj\sfbchecksum.o
                0x0000103c                _Z15SFBChecksumInitPm
 .text._Z18SFBChecksumAddBytePmc
                0x00001058       0x2c .\obj\sfbchecksum.o
                0x00001058                _Z18SFBChecksumAddBytePmc
 .text._Z19SFBChecksumAddBytesPmPKci
                0x00001084       0x38 .\obj\sfbchecksum.o
                0x00001084                _Z19SFBChecksumAddBytesPmPKci
 .text._Z16SFBChecksumEqualPKmS0_
                0x000010bc       0x2c .\obj\sfbchecksum.o
                0x000010bc                _Z16SFBChecksumEqualPKmS0_
 .text._Z19SFBChecksumToStringPm
                0x000010e8       0x6c .\obj\sfbchecksum.o
                0x000010e8                _Z19SFBChecksumToStringPm
 .text._Z21SFBChecksumFromStringPmPKc
                0x00001154       0x98 .\obj\sfbchecksum.o
                0x00001154                _Z21SFBChecksumFromStringPmPKc
 .text          0x000011ec        0x0 .\obj\sfboard_tests.o
 .text._Z8spinLEDsj
                0x000011ec      0x144 .\obj\sfboard_tests.o
                0x000011ec                _Z8spinLEDsj
 .text._Z19toggleOutboundPowerv
                0x00001330       0x9c .\obj\sfboard_tests.o
                0x00001330                _Z19toggleOutboundPowerv
 .text._Z13wiggleAllPinsv
                0x000013cc       0x78 .\obj\sfboard_tests.o
                0x000013cc                _Z13wiggleAllPinsv
 .text._Z13turnOnAllLEDsv
                0x00001444       0x38 .\obj\sfboard_tests.o
                0x00001444                _Z13turnOnAllLEDsv
 .text          0x0000147c        0x0 .\obj\syscalls.o
 .text._read    0x0000147c        0x8 .\obj\syscalls.o
                0x0000147c                _read
 .text._lseek   0x00001484        0x8 .\obj\syscalls.o
                0x00001484                _lseek
 .text._write   0x0000148c        0x8 .\obj\syscalls.o
                0x0000148c                _write
 .text._open    0x00001494       0x10 .\obj\syscalls.o
                0x00001494                _open
 .text._close   0x000014a4        0x8 .\obj\syscalls.o
                0x000014a4                _close
 .text._kill    0x000014ac        0x8 .\obj\syscalls.o
                0x000014ac                _kill
 .text._getpid  0x000014b4        0x8 .\obj\syscalls.o
                0x000014b4                _getpid
 .text._sbrk    0x000014bc        0x8 .\obj\syscalls.o
                0x000014bc                _sbrk
 .text._fstat   0x000014c4        0x8 .\obj\syscalls.o
                0x000014c4                _fstat
 .text._link    0x000014cc        0x8 .\obj\syscalls.o
                0x000014cc                _link
 .text._unlink  0x000014d4        0x8 .\obj\syscalls.o
                0x000014d4                _unlink
 .text.isatty   0x000014dc        0x8 .\obj\syscalls.o
                0x000014dc                isatty
 .text.__exidx_start
                0x000014e4        0x4 .\obj\syscalls.o
                0x000014e4                __exidx_start
 .text.__exidx_end
                0x000014e8        0x4 .\obj\syscalls.o
                0x000014e8                __exidx_end
 .text.abort    0x000014ec        0x4 .\obj\syscalls.o
                0x000014ec                abort
 .text._init    0x000014f0        0x4 .\obj\syscalls.o
                0x000014f0                _init
 .text          0x000014f4        0x0 .\obj\sys_init.o
 .text._Z7sysInitv
                0x000014f4      0x124 .\obj\sys_init.o
                0x000014f4                _Z7sysInitv
 .text          0x00001618        0x0 .\obj\wiring.o
 .text._Z12digitalWritehh
                0x00001618       0x5c .\obj\wiring.o
                0x00001618                _Z12digitalWritehh
 .text._Z11digitalReadh
                0x00001674       0x2c .\obj\wiring.o
                0x00001674                _Z11digitalReadh
 .text._Z7pinModehh
                0x000016a0       0x30 .\obj\wiring.o
                0x000016a0                _Z7pinModehh
 .text          0x000016d0      0x114 /cygdrive/f/ARM2008q3-66-GPL/build/install/Bin/../lib/gcc/arm-none-eabi/4.3.2/libgcc.a(_udivsi3.o)
                0x000016d0                __udivsi3
                0x000016d0                __aeabi_uidiv
                0x000017c4                __aeabi_uidivmod
 .text          0x000017e4        0x4 /cygdrive/f/ARM2008q3-66-GPL/build/install/Bin/../lib/gcc/arm-none-eabi/4.3.2/libgcc.a(_dvmd_tls.o)
                0x000017e4                __aeabi_ldiv0
                0x000017e4                __aeabi_idiv0
 *(.gnu.linkonce.t.*)
 *(.glue_7)
 .glue_7        0x000017e8        0x0 .\obj\crt0.o
 .glue_7        0x000017e8        0x0 .\obj\armvic.o
 .glue_7        0x000017e8        0x0 .\obj\wiring_pins.o
 .glue_7        0x000017e8        0x0 .\obj\fio.o
 .glue_7        0x000017e8        0x0 .\obj\irq.o
 .glue_7        0x000017e8        0x0 .\obj\main.o
 .glue_7        0x000017e8        0x0 .\obj\nothrow.o
 .glue_7        0x000017e8        0x0 .\obj\serial.o
 .glue_7        0x000017e8        0x0 .\obj\sbl_iap.o
 .glue_7        0x000017e8        0x0 .\obj\sfbchecksum.o
 .glue_7        0x000017e8        0x0 .\obj\sfboard_tests.o
 .glue_7        0x000017e8        0x0 .\obj\syscalls.o
 .glue_7        0x000017e8        0x0 .\obj\sys_init.o
 .glue_7        0x000017e8        0x0 .\obj\wiring.o
 .glue_7        0x000017e8        0x0 /cygdrive/f/ARM2008q3-66-GPL/build/install/Bin/../lib/gcc/arm-none-eabi/4.3.2/libgcc.a(_udivsi3.o)
 .glue_7        0x000017e8        0x0 /cygdrive/f/ARM2008q3-66-GPL/build/install/Bin/../lib/gcc/arm-none-eabi/4.3.2/libgcc.a(_dvmd_tls.o)
 *(.glue_7t)
 .glue_7t       0x000017e8        0x0 .\obj\crt0.o
 .glue_7t       0x000017e8        0x0 .\obj\armvic.o
 .glue_7t       0x000017e8        0x0 .\obj\wiring_pins.o
 .glue_7t       0x000017e8        0x0 .\obj\fio.o
 .glue_7t       0x000017e8        0x0 .\obj\irq.o
 .glue_7t       0x000017e8        0x0 .\obj\main.o
 .glue_7t       0x000017e8        0x0 .\obj\nothrow.o
 .glue_7t       0x000017e8        0x0 .\obj\serial.o
 .glue_7t       0x000017e8        0x0 .\obj\sbl_iap.o
 .glue_7t       0x000017e8        0x0 .\obj\sfbchecksum.o
 .glue_7t       0x000017e8        0x0 .\obj\sfboard_tests.o
 .glue_7t       0x000017e8        0x0 .\obj\syscalls.o
 .glue_7t       0x000017e8        0x0 .\obj\sys_init.o
 .glue_7t       0x000017e8        0x0 .\obj\wiring.o
 .glue_7t       0x000017e8        0x0 /cygdrive/f/ARM2008q3-66-GPL/build/install/Bin/../lib/gcc/arm-none-eabi/4.3.2/libgcc.a(_udivsi3.o)
 .glue_7t       0x000017e8        0x0 /cygdrive/f/ARM2008q3-66-GPL/build/install/Bin/../lib/gcc/arm-none-eabi/4.3.2/libgcc.a(_dvmd_tls.o)
 *(.gcc_except_table)
 *(.rodata)
 *(.rodata*)
 .rodata.str1.1
                0x000017e8        0xa .\obj\main.o
 *fill*         0x000017f2        0x2 00
 .rodata.sector_end_map
                0x000017f4       0x80 .\obj\sbl_iap.o
                0x000017f4                sector_end_map
 .rodata.sector_start_map
                0x00001874       0x80 .\obj\sbl_iap.o
                0x00001874                sector_start_map
 .rodata.str1.1
                0x000018f4       0x11 .\obj\sfbchecksum.o
 *(.gnu.linkonce.r.*)
                0x00001908                . = ALIGN (0x4)
 *fill*         0x00001905        0x3 00

.ARM.__at_0x1FC
                0x00001908        0x4
 .ARM.__at_0x1FC
                0x00001908        0x4 .\obj\sbl_iap.o
                0x00001908                crp

.vfp11_veneer   0x0000190c        0x0
 .vfp11_veneer  0x0000190c        0x0 .\obj\crt0.o
 .vfp11_veneer  0x0000190c        0x0 .\obj\armvic.o
 .vfp11_veneer  0x0000190c        0x0 .\obj\wiring_pins.o
 .vfp11_veneer  0x0000190c        0x0 .\obj\fio.o
 .vfp11_veneer  0x0000190c        0x0 .\obj\irq.o
 .vfp11_veneer  0x0000190c        0x0 .\obj\main.o
 .vfp11_veneer  0x0000190c        0x0 .\obj\nothrow.o
 .vfp11_veneer  0x0000190c        0x0 .\obj\serial.o
 .vfp11_veneer  0x0000190c        0x0 .\obj\sbl_iap.o
 .vfp11_veneer  0x0000190c        0x0 .\obj\sfbchecksum.o
 .vfp11_veneer  0x0000190c        0x0 .\obj\sfboard_tests.o
 .vfp11_veneer  0x0000190c        0x0 .\obj\syscalls.o
 .vfp11_veneer  0x0000190c        0x0 .\obj\sys_init.o
 .vfp11_veneer  0x0000190c        0x0 .\obj\wiring.o
 .vfp11_veneer  0x0000190c        0x0 /cygdrive/f/ARM2008q3-66-GPL/build/install/Bin/../lib/gcc/arm-none-eabi/4.3.2/libgcc.a(_udivsi3.o)
 .vfp11_veneer  0x0000190c        0x0 /cygdrive/f/ARM2008q3-66-GPL/build/install/Bin/../lib/gcc/arm-none-eabi/4.3.2/libgcc.a(_dvmd_tls.o)

.janus_2cc_veneer
                0x0000190c        0x0
 .janus_2cc_veneer
                0x0000190c        0x0 .\obj\crt0.o
 .janus_2cc_veneer
                0x0000190c        0x0 .\obj\armvic.o
 .janus_2cc_veneer
                0x0000190c        0x0 .\obj\wiring_pins.o
 .janus_2cc_veneer
                0x0000190c        0x0 .\obj\fio.o
 .janus_2cc_veneer
                0x0000190c        0x0 .\obj\irq.o
 .janus_2cc_veneer
                0x0000190c        0x0 .\obj\main.o
 .janus_2cc_veneer
                0x0000190c        0x0 .\obj\nothrow.o
 .janus_2cc_veneer
                0x0000190c        0x0 .\obj\serial.o
 .janus_2cc_veneer
                0x0000190c        0x0 .\obj\sbl_iap.o
 .janus_2cc_veneer
                0x0000190c        0x0 .\obj\sfbchecksum.o
 .janus_2cc_veneer
                0x0000190c        0x0 .\obj\sfboard_tests.o
 .janus_2cc_veneer
                0x0000190c        0x0 .\obj\syscalls.o
 .janus_2cc_veneer
                0x0000190c        0x0 .\obj\sys_init.o
 .janus_2cc_veneer
                0x0000190c        0x0 .\obj\wiring.o
 .janus_2cc_veneer
                0x0000190c        0x0 /cygdrive/f/ARM2008q3-66-GPL/build/install/Bin/../lib/gcc/arm-none-eabi/4.3.2/libgcc.a(_udivsi3.o)
 .janus_2cc_veneer
                0x0000190c        0x0 /cygdrive/f/ARM2008q3-66-GPL/build/install/Bin/../lib/gcc/arm-none-eabi/4.3.2/libgcc.a(_dvmd_tls.o)

.v4_bx          0x0000190c        0x0
 .v4_bx         0x0000190c        0x0 .\obj\crt0.o
 .v4_bx         0x0000190c        0x0 .\obj\armvic.o
 .v4_bx         0x0000190c        0x0 .\obj\wiring_pins.o
 .v4_bx         0x0000190c        0x0 .\obj\fio.o
 .v4_bx         0x0000190c        0x0 .\obj\irq.o
 .v4_bx         0x0000190c        0x0 .\obj\main.o
 .v4_bx         0x0000190c        0x0 .\obj\nothrow.o
 .v4_bx         0x0000190c        0x0 .\obj\serial.o
 .v4_bx         0x0000190c        0x0 .\obj\sbl_iap.o
 .v4_bx         0x0000190c        0x0 .\obj\sfbchecksum.o
 .v4_bx         0x0000190c        0x0 .\obj\sfboard_tests.o
 .v4_bx         0x0000190c        0x0 .\obj\syscalls.o
 .v4_bx         0x0000190c        0x0 .\obj\sys_init.o
 .v4_bx         0x0000190c        0x0 .\obj\wiring.o
 .v4_bx         0x0000190c        0x0 /cygdrive/f/ARM2008q3-66-GPL/build/install/Bin/../lib/gcc/arm-none-eabi/4.3.2/libgcc.a(_udivsi3.o)
 .v4_bx         0x0000190c        0x0 /cygdrive/f/ARM2008q3-66-GPL/build/install/Bin/../lib/gcc/arm-none-eabi/4.3.2/libgcc.a(_dvmd_tls.o)
                0x0000190c                . = ALIGN (0x4)

.ctors          0x0000190c        0x0
                0x0000190c                PROVIDE (__ctors_start__, .)
 *(SORT(.ctors.*))
 *(.ctors)
                0x0000190c                . = ALIGN (0x4)
                0x0000190c                PROVIDE (__ctors_end__, .)
                0x0000190c                . = ALIGN (0x4)

.dtors          0x0000190c        0x0
                0x0000190c                PROVIDE (__dtors_start__, .)
 *(SORT(.dtors.*))
 *(.dtors)
                0x0000190c                . = ALIGN (0x4)
                0x0000190c                PROVIDE (__dtors_end__, .)
                0x0000190c                . = ALIGN (0x4)
                0x0000190c                . = ALIGN (0x4)
                0x0000190c                _etext = .
                0x0000190c                PROVIDE (etext, .)

.data           0x40000000      0x138 load address 0x0000190c
                0x40000000                _data = .
 *(.vectmapped)
                0x40000000                . = ALIGN (0x4)
 *(.fastrun)
                0x40000000                . = ALIGN (0x4)
                0x40000000                . = ALIGN (0x4)
 *(.data)
 .data          0x40000000        0x0 .\obj\crt0.o
 .data          0x40000000        0x0 .\obj\armvic.o
 .data          0x40000000        0x0 .\obj\wiring_pins.o
 .data          0x40000000        0x0 .\obj\fio.o
 .data          0x40000000        0x0 .\obj\irq.o
 .data          0x40000000        0x0 .\obj\main.o
 .data          0x40000000        0x0 .\obj\nothrow.o
 .data          0x40000000        0x0 .\obj\serial.o
 .data          0x40000000        0x0 .\obj\sbl_iap.o
 .data          0x40000000        0x0 .\obj\sfbchecksum.o
 .data          0x40000000        0x0 .\obj\sfboard_tests.o
 .data          0x40000000        0x0 .\obj\syscalls.o
 .data          0x40000000        0x0 .\obj\sys_init.o
 .data          0x40000000        0x0 .\obj\wiring.o
 .data          0x40000000        0x0 /cygdrive/f/ARM2008q3-66-GPL/build/install/Bin/../lib/gcc/arm-none-eabi/4.3.2/libgcc.a(_udivsi3.o)
 .data          0x40000000        0x0 /cygdrive/f/ARM2008q3-66-GPL/build/install/Bin/../lib/gcc/arm-none-eabi/4.3.2/libgcc.a(_dvmd_tls.o)
 *(.data.*)
 .data.PinTable
                0x40000000       0x9c .\obj\wiring_pins.o
                0x40000000                PinTable
 .data.gConfigCs
                0x4000009c        0x4 .\obj\main.o
                0x4000009c                gConfigCs
 .data.kApplicationStartAddr
                0x400000a0        0x4 .\obj\main.o
                0x400000a0                kApplicationStartAddr
 .data.uartPins
                0x400000a4       0x60 .\obj\serial.o
                0x400000a4                uartPins
 .data.uartReg  0x40000104       0x10 .\obj\serial.o
                0x40000104                uartReg
 .data.uartInts
                0x40000114       0x20 .\obj\serial.o
                0x40000114                uartInts
 .data.cclk     0x40000134        0x4 .\obj\sbl_iap.o
                0x40000134                cclk
 *(.gnu.linkonce.d*)
                0x40000138                . = ALIGN (0x4)

.init_array     0x40000138        0x4 load address 0x00001a44
 .init_array    0x40000138        0x4 .\obj\main.o
                0x4000013c                . = ALIGN (0x4)
                0x4000013c                _edata = .
                0x4000013c                PROVIDE (edata, .)

.bss            0x40000140      0x7e0 load address 0x00001a4c
                0x40000140                __bss_start = .
                0x40000140                __bss_start__ = .
 *(.bss)
 .bss           0x40000140        0x0 .\obj\crt0.o
 .bss           0x40000140        0x0 .\obj\armvic.o
 .bss           0x40000140        0x0 .\obj\wiring_pins.o
 .bss           0x40000140        0x0 .\obj\fio.o
 .bss           0x40000140        0x0 .\obj\irq.o
 .bss           0x40000140        0x0 .\obj\main.o
 .bss           0x40000140        0x0 .\obj\nothrow.o
 .bss           0x40000140        0x0 .\obj\serial.o
 .bss           0x40000140        0x0 .\obj\sbl_iap.o
 .bss           0x40000140        0x0 .\obj\sfbchecksum.o
 .bss           0x40000140        0x0 .\obj\sfboard_tests.o
 .bss           0x40000140        0x0 .\obj\syscalls.o
 .bss           0x40000140        0x0 .\obj\sys_init.o
 .bss           0x40000140        0x0 .\obj\wiring.o
 .bss           0x40000140        0x0 /cygdrive/f/ARM2008q3-66-GPL/build/install/Bin/../lib/gcc/arm-none-eabi/4.3.2/libgcc.a(_udivsi3.o)
 .bss           0x40000140        0x0 /cygdrive/f/ARM2008q3-66-GPL/build/install/Bin/../lib/gcc/arm-none-eabi/4.3.2/libgcc.a(_dvmd_tls.o)
 *(.bss.*)
 .bss.kConfigMemLength
                0x40000140        0x1 .\obj\main.o
                0x40000140                kConfigMemLength
 .bss.gDevType  0x40000141        0x1 .\obj\main.o
                0x40000141                gDevType
 *fill*         0x40000142        0x6 00
 .bss.wait      0x40000148        0x8 .\obj\main.o
                0x40000148                wait
 .bss.uart      0x40000150        0x1 .\obj\main.o
                0x40000150                uart
 .bss.gRecvCommand
                0x40000151        0x1 .\obj\main.o
                0x40000151                gRecvCommand
 .bss.gBuffer   0x40000152      0x200 .\obj\main.o
                0x40000152                gBuffer
 *fill*         0x40000352        0x2 00
 .bss.gAddress  0x40000354        0x4 .\obj\main.o
                0x40000354                gAddress
 .bss.gConfigMem
                0x40000358      0x220 .\obj\main.o
                0x40000358                gConfigMem
 .bss.gSFBootValidChecksum
                0x40000578        0x1 .\obj\main.o
                0x40000578                gSFBootValidChecksum
 *fill*         0x40000579        0x3 00
 .bss.purge     0x4000057c        0x4 .\obj\main.o
                0x4000057c                purge
 .bss.x         0x40000580        0x1 .\obj\main.o
                0x40000580                x
 .bss.gDevice   0x40000581        0x1 .\obj\main.o
                0x40000581                gDevice
 .bss.gGotFirstPage
                0x40000582        0x1 .\obj\main.o
                0x40000582                gGotFirstPage
 *fill*         0x40000583        0x1 00
 .bss._ZL8gRunning
                0x40000584        0x8 .\obj\main.o
 .bss.pin       0x4000058c        0x1 .\obj\main.o
                0x4000058c                pin
 .bss.index     0x4000058d        0x1 .\obj\main.o
                0x4000058d                index
 *fill*         0x4000058e        0x2 00
 .bss.gAddressPgm
                0x40000590        0x4 .\obj\main.o
                0x40000590                gAddressPgm
 .bss.app_code_entry
                0x40000594        0x4 .\obj\main.o
                0x40000594                app_code_entry
 .bss.uartData  0x40000598      0x140 .\obj\serial.o
                0x40000598                uartData
 .bss.user_code_entry
                0x400006d8        0x4 .\obj\sbl_iap.o
                0x400006d8                user_code_entry
 .bss.flash_address
                0x400006dc        0x4 .\obj\sbl_iap.o
                0x400006dc                flash_address
 .bss.result_table
                0x400006e0       0x14 .\obj\sbl_iap.o
                0x400006e0                result_table
 .bss.param_table
                0x400006f4       0x14 .\obj\sbl_iap.o
                0x400006f4                param_table
 .bss.flash_buf
                0x40000708      0x200 .\obj\sbl_iap.o
                0x40000708                flash_buf
 .bss.byte_ctr  0x40000908        0x4 .\obj\sbl_iap.o
                0x40000908                byte_ctr
 .bss._ZL3buf   0x4000090c       0x11 .\obj\sfbchecksum.o
 *(.gnu.linkonce.b*)
 *(COMMON)
                0x40000920                . = ALIGN (0x4)
 *fill*         0x4000091d        0x3 00
                0x40000920                . = ALIGN (0x4)
                0x40000920                __bss_end__ = .
                0x40000920                PROVIDE (__bss_end, .)

.stack          0x40000a00      0x300
 *(.stack)
 *(.STACK)
 .STACK         0x40000a00      0x300 .\obj\crt0.o
                0x40000d00                PROVIDE (_stack, .)
                0x40000d00                . = ALIGN (0x4)
                0x40000d00                _end = .
                0x40000d00                PROVIDE (end, .)

.heap           0x40000d00        0x0
 *(.HEAP)
 .HEAP          0x40000d00        0x0 .\obj\crt0.o
                0x40000d00                . = ALIGN (0x4)

.stab
 *(.stab)

.stabstr
 *(.stabstr)

.stab.excl
 *(.stab.excl)

.stab.exclstr
 *(.stab.exclstr)

.stab.index
 *(.stab.index)

.stab.indexstr
 *(.stab.indexstr)

.comment        0x00000000      0x1fb
 *(.comment)
 .comment       0x00000000       0x27 .\obj\armvic.o
 .comment       0x00000027       0x27 .\obj\wiring_pins.o
 .comment       0x0000004e       0x27 .\obj\fio.o
 .comment       0x00000075       0x27 .\obj\irq.o
 .comment       0x0000009c       0x27 .\obj\main.o
 .comment       0x000000c3       0x27 .\obj\nothrow.o
 .comment       0x000000ea       0x27 .\obj\serial.o
 .comment       0x00000111       0x27 .\obj\sbl_iap.o
 .comment       0x00000138       0x27 .\obj\sfbchecksum.o
 .comment       0x0000015f       0x27 .\obj\sfboard_tests.o
 .comment       0x00000186       0x27 .\obj\syscalls.o
 .comment       0x000001ad       0x27 .\obj\sys_init.o
 .comment       0x000001d4       0x27 .\obj\wiring.o

.debug
 *(.debug)

.line
 *(.line)

.debug_srcinfo
 *(.debug_srcinfo)

.debug_sfnames
 *(.debug_sfnames)

.debug_aranges  0x00000000      0x3d0
 *(.debug_aranges)
 .debug_aranges
                0x00000000       0x20 .\obj\crt0.o
 .debug_aranges
                0x00000020       0x58 .\obj\armvic.o
 .debug_aranges
                0x00000078       0x20 .\obj\fio.o
 .debug_aranges
                0x00000098       0x28 .\obj\irq.o
 .debug_aranges
                0x000000c0       0x80 .\obj\main.o
 .debug_aranges
                0x00000140       0x38 .\obj\nothrow.o
 .debug_aranges
                0x00000178       0x78 .\obj\serial.o
 .debug_aranges
                0x000001f0       0x78 .\obj\sbl_iap.o
 .debug_aranges
                0x00000268       0x48 .\obj\sfbchecksum.o
 .debug_aranges
                0x000002b0       0x38 .\obj\sfboard_tests.o
 .debug_aranges
                0x000002e8       0x98 .\obj\syscalls.o
 .debug_aranges
                0x00000380       0x20 .\obj\sys_init.o
 .debug_aranges
                0x000003a0       0x30 .\obj\wiring.o

.debug_pubnames
                0x00000000      0x7b2
 *(.debug_pubnames)
 .debug_pubnames
                0x00000000       0x6a .\obj\armvic.o
 .debug_pubnames
                0x0000006a       0x1f .\obj\wiring_pins.o
 .debug_pubnames
                0x00000089       0x1f .\obj\fio.o
 .debug_pubnames
                0x000000a8       0x2f .\obj\irq.o
 .debug_pubnames
                0x000000d7      0x1c5 .\obj\main.o
 .debug_pubnames
                0x0000029c       0x54 .\obj\nothrow.o
 .debug_pubnames
                0x000002f0      0x103 .\obj\serial.o
 .debug_pubnames
                0x000003f3      0x1a2 .\obj\sbl_iap.o
 .debug_pubnames
                0x00000595       0x9c .\obj\sfbchecksum.o
 .debug_pubnames
                0x00000631       0x5b .\obj\sfboard_tests.o
 .debug_pubnames
                0x0000068c       0xc9 .\obj\syscalls.o
 .debug_pubnames
                0x00000755       0x1e .\obj\sys_init.o
 .debug_pubnames
                0x00000773       0x3f .\obj\wiring.o

.debug_info     0x00000000     0x2c12
 *(.debug_info .gnu.linkonce.wi.*)
 .debug_info    0x00000000       0x61 .\obj\crt0.o
 .debug_info    0x00000061      0x1da .\obj\armvic.o
 .debug_info    0x0000023b      0x131 .\obj\wiring_pins.o
 .debug_info    0x0000036c       0xc3 .\obj\fio.o
 .debug_info    0x0000042f      0x118 .\obj\irq.o
 .debug_info    0x00000547      0xeb9 .\obj\main.o
 .debug_info    0x00001400      0x160 .\obj\nothrow.o
 .debug_info    0x00001560      0x68b .\obj\serial.o
 .debug_info    0x00001beb      0x476 .\obj\sbl_iap.o
 .debug_info    0x00002061      0x29d .\obj\sfbchecksum.o
 .debug_info    0x000022fe      0x16c .\obj\sfboard_tests.o
 .debug_info    0x0000246a      0x4e8 .\obj\syscalls.o
 .debug_info    0x00002952       0xd3 .\obj\sys_init.o
 .debug_info    0x00002a25      0x1ed .\obj\wiring.o

.debug_abbrev   0x00000000      0xf73
 *(.debug_abbrev)
 .debug_abbrev  0x00000000       0x14 .\obj\crt0.o
 .debug_abbrev  0x00000014       0xc4 .\obj\armvic.o
 .debug_abbrev  0x000000d8       0xa2 .\obj\wiring_pins.o
 .debug_abbrev  0x0000017a       0x6a .\obj\fio.o
 .debug_abbrev  0x000001e4       0xb3 .\obj\irq.o
 .debug_abbrev  0x00000297      0x31f .\obj\main.o
 .debug_abbrev  0x000005b6       0xee .\obj\nothrow.o
 .debug_abbrev  0x000006a4      0x234 .\obj\serial.o
 .debug_abbrev  0x000008d8      0x1a0 .\obj\sbl_iap.o
 .debug_abbrev  0x00000a78      0x13d .\obj\sfbchecksum.o
 .debug_abbrev  0x00000bb5       0xe7 .\obj\sfboard_tests.o
 .debug_abbrev  0x00000c9c      0x121 .\obj\syscalls.o
 .debug_abbrev  0x00000dbd       0x9b .\obj\sys_init.o
 .debug_abbrev  0x00000e58      0x11b .\obj\wiring.o

.debug_line     0x00000000     0x1037
 *(.debug_line)
 .debug_line    0x00000000       0x82 .\obj\crt0.o
 .debug_line    0x00000082       0xbf .\obj\armvic.o
 .debug_line    0x00000141       0xbd .\obj\wiring_pins.o
 .debug_line    0x000001fe       0x5c .\obj\fio.o
 .debug_line    0x0000025a       0x73 .\obj\irq.o
 .debug_line    0x000002cd      0x344 .\obj\main.o
 .debug_line    0x00000611       0xc8 .\obj\nothrow.o
 .debug_line    0x000006d9      0x1db .\obj\serial.o
 .debug_line    0x000008b4      0x17d .\obj\sbl_iap.o
 .debug_line    0x00000a31      0x137 .\obj\sfbchecksum.o
 .debug_line    0x00000b68      0x128 .\obj\sfboard_tests.o
 .debug_line    0x00000c90      0x1c6 .\obj\syscalls.o
 .debug_line    0x00000e56       0xf2 .\obj\sys_init.o
 .debug_line    0x00000f48       0xef .\obj\wiring.o

.debug_frame    0x00000000      0x774
 *(.debug_frame)
 .debug_frame   0x00000000       0xc8 .\obj\armvic.o
 .debug_frame   0x000000c8       0x28 .\obj\fio.o
 .debug_frame   0x000000f0       0x3c .\obj\irq.o
 .debug_frame   0x0000012c      0x114 .\obj\main.o
 .debug_frame   0x00000240       0x60 .\obj\nothrow.o
 .debug_frame   0x000002a0       0xfc .\obj\serial.o
 .debug_frame   0x0000039c      0x120 .\obj\sbl_iap.o
 .debug_frame   0x000004bc       0x98 .\obj\sfbchecksum.o
 .debug_frame   0x00000554       0x7c .\obj\sfboard_tests.o
 .debug_frame   0x000005d0      0x11c .\obj\syscalls.o
 .debug_frame   0x000006ec       0x20 .\obj\sys_init.o
 .debug_frame   0x0000070c       0x48 .\obj\wiring.o
 .debug_frame   0x00000754       0x20 /cygdrive/f/ARM2008q3-66-GPL/build/install/Bin/../lib/gcc/arm-none-eabi/4.3.2/libgcc.a(_udivsi3.o)

.debug_str      0x00000000     0x11b5
 *(.debug_str)
 .debug_str     0x00000000       0xfb .\obj\armvic.o
                                0x135 (size before relaxing)
 .debug_str     0x000000fb       0x94 .\obj\wiring_pins.o
                                0x149 (size before relaxing)
 .debug_str     0x0000018f       0x28 .\obj\fio.o
                                 0xef (size before relaxing)
 .debug_str     0x000001b7       0x71 .\obj\irq.o
                                0x131 (size before relaxing)
 .debug_str     0x00000228      0x5f0 .\obj\main.o
                                0x72c (size before relaxing)
 .debug_str     0x00000818       0x67 .\obj\nothrow.o
                                0x146 (size before relaxing)
 .debug_str     0x0000087f      0x26a .\obj\serial.o
                                0x397 (size before relaxing)
 .debug_str     0x00000ae9      0x2fa .\obj\sbl_iap.o
                                0x3f9 (size before relaxing)
 .debug_str     0x00000de3      0x13e .\obj\sfbchecksum.o
                                0x214 (size before relaxing)
 .debug_str     0x00000f21       0xa6 .\obj\sfboard_tests.o
                                0x176 (size before relaxing)
 .debug_str     0x00000fc7      0x150 .\obj\syscalls.o
                                0x266 (size before relaxing)
 .debug_str     0x00001117       0x3c .\obj\sys_init.o
                                0x108 (size before relaxing)
 .debug_str     0x00001153       0x62 .\obj\wiring.o
                                0x1a9 (size before relaxing)

.debug_loc      0x00000000      0xc6b
 *(.debug_loc)
 .debug_loc     0x00000000      0x109 .\obj\armvic.o
 .debug_loc     0x00000109       0x79 .\obj\fio.o
 .debug_loc     0x00000182       0x50 .\obj\irq.o
 .debug_loc     0x000001d2      0x195 .\obj\main.o
 .debug_loc     0x00000367       0x8a .\obj\nothrow.o
 .debug_loc     0x000003f1      0x1da .\obj\serial.o
 .debug_loc     0x000005cb      0x2b0 .\obj\sbl_iap.o
 .debug_loc     0x0000087b      0x189 .\obj\sfbchecksum.o
 .debug_loc     0x00000a04       0xee .\obj\sfboard_tests.o
 .debug_loc     0x00000af2       0xf0 .\obj\syscalls.o
 .debug_loc     0x00000be2       0x89 .\obj\wiring.o

.debug_macinfo
 *(.debug_macinfo)

.debug_weaknames
 *(.debug_weaknames)

.debug_funcnames
 *(.debug_funcnames)

.debug_typenames
 *(.debug_typenames)

.debug_varnames
 *(.debug_varnames)
OUTPUT(.\obj\Blinky.elf elf32-littlearm)

.ARM.attributes
                0x00000000       0x2c
 .ARM.attributes
                0x00000000       0x1e .\obj\crt0.o
 .ARM.attributes
                0x0000001e       0x2e .\obj\armvic.o
 .ARM.attributes
                0x0000004c       0x2c .\obj\wiring_pins.o
 .ARM.attributes
                0x00000078       0x2e .\obj\fio.o
 .ARM.attributes
                0x000000a6       0x2e .\obj\irq.o
 .ARM.attributes
                0x000000d4       0x2e .\obj\main.o
 .ARM.attributes
                0x00000102       0x2e .\obj\nothrow.o
 .ARM.attributes
                0x00000130       0x2e .\obj\serial.o
 .ARM.attributes
                0x0000015e       0x2e .\obj\sbl_iap.o
 .ARM.attributes
                0x0000018c       0x2e .\obj\sfbchecksum.o
 .ARM.attributes
                0x000001ba       0x2e .\obj\sfboard_tests.o
 .ARM.attributes
                0x000001e8       0x2e .\obj\syscalls.o
 .ARM.attributes
                0x00000216       0x2e .\obj\sys_init.o
 .ARM.attributes
                0x00000244       0x2e .\obj\wiring.o
 .ARM.attributes
                0x00000272       0x14 /cygdrive/f/ARM2008q3-66-GPL/build/install/Bin/../lib/gcc/arm-none-eabi/4.3.2/libgcc.a(_udivsi3.o)
 .ARM.attributes
                0x00000286       0x14 /cygdrive/f/ARM2008q3-66-GPL/build/install/Bin/../lib/gcc/arm-none-eabi/4.3.2/libgcc.a(_dvmd_tls.o)

.debug_ranges   0x00000000      0x398
 .debug_ranges  0x00000000       0x50 .\obj\armvic.o
 .debug_ranges  0x00000050       0x18 .\obj\fio.o
 .debug_ranges  0x00000068       0x20 .\obj\irq.o
 .debug_ranges  0x00000088       0x90 .\obj\main.o
 .debug_ranges  0x00000118       0x30 .\obj\nothrow.o
 .debug_ranges  0x00000148       0x70 .\obj\serial.o
 .debug_ranges  0x000001b8       0x70 .\obj\sbl_iap.o
 .debug_ranges  0x00000228       0x58 .\obj\sfbchecksum.o
 .debug_ranges  0x00000280       0x30 .\obj\sfboard_tests.o
 .debug_ranges  0x000002b0       0x90 .\obj\syscalls.o
 .debug_ranges  0x00000340       0x30 .\obj\sys_init.o
 .debug_ranges  0x00000370       0x28 .\obj\wiring.o
