Archive member included because of file (symbol)

/cygdrive/f/ARM2008q3-66-GPL/build/install/Bin/../lib/gcc/arm-none-eabi/4.3.2/libgcc.a(_udivsi3.o)
                              .\obj\serial.o (__aeabi_uidiv)
/cygdrive/f/ARM2008q3-66-GPL/build/install/Bin/../lib/gcc/arm-none-eabi/4.3.2/libgcc.a(_dvmd_tls.o)
                              /cygdrive/f/ARM2008q3-66-GPL/build/install/Bin/../lib/gcc/arm-none-eabi/4.3.2/libgcc.a(_udivsi3.o) (__aeabi_idiv0)

Memory Configuration

Name             Origin             Length             Attributes
ROM              0x00000000         0x0007f000         xr
RAM              0x40000000         0x00007fe0         rw
*default*        0x00000000         0xffffffff

Linker script and memory map

LOAD .\obj\crt0.o
LOAD .\obj\armvic.o
LOAD .\obj\eeprom.o
LOAD .\obj\fio.o
LOAD .\obj\irq.o
LOAD .\obj\main.o
LOAD .\obj\nothrow.o
LOAD .\obj\sbl_iap.o
LOAD .\obj\serial.o
LOAD .\obj\sfbchecksum.o
LOAD .\obj\sfboard_tests.o
LOAD .\obj\sys_init.o
LOAD .\obj\syscalls.o
LOAD .\obj\wiring.o
LOAD .\obj\wiring_pins.o
LOAD /cygdrive/f/ARM2008q3-66-GPL/build/install/Bin/../lib/gcc/arm-none-eabi/4.3.2/../../../../arm-none-eabi/lib/libm.a
START GROUP
LOAD /cygdrive/f/ARM2008q3-66-GPL/build/install/Bin/../lib/gcc/arm-none-eabi/4.3.2/libgcc.a
LOAD /cygdrive/f/ARM2008q3-66-GPL/build/install/Bin/../lib/gcc/arm-none-eabi/4.3.2/../../../../arm-none-eabi/lib/libc.a
END GROUP

.text           0x00000000     0x1c70
 *(.RESET)
 .RESET         0x00000000      0x144 .\obj\crt0.o
 *(.text .text.*)
 .text          0x00000144        0x0 .\obj\crt0.o
 .text          0x00000144        0x0 .\obj\armvic.o
 .text.__get_cpsr
                0x00000144        0x8 .\obj\armvic.o
 .text.__set_cpsr
                0x0000014c        0x8 .\obj\armvic.o
 .text.disableIRQ
                0x00000154       0x20 .\obj\armvic.o
                0x00000154                disableIRQ
 .text.restoreIRQ
                0x00000174       0x2c .\obj\armvic.o
                0x00000174                restoreIRQ
 .text.enableIRQ
                0x000001a0       0x20 .\obj\armvic.o
                0x000001a0                enableIRQ
 .text.disableFIQ
                0x000001c0       0x20 .\obj\armvic.o
                0x000001c0                disableFIQ
 .text.restoreFIQ
                0x000001e0       0x2c .\obj\armvic.o
                0x000001e0                restoreFIQ
 .text.enableFIQ
                0x0000020c       0x20 .\obj\armvic.o
                0x0000020c                enableFIQ
 .text          0x0000022c        0x0 .\obj\eeprom.o
 .text._Z10eepromInitv
                0x0000022c       0x38 .\obj\eeprom.o
                0x0000022c                _Z10eepromInitv
 .text._Z9ssp1Writeh
                0x00000264       0x1c .\obj\eeprom.o
                0x00000264                _Z9ssp1Writeh
 .text._Z8ssp1Readv
                0x00000280       0x30 .\obj\eeprom.o
                0x00000280                _Z8ssp1Readv
 .text._Z11eepromWritetPhm
                0x000002b0       0x64 .\obj\eeprom.o
                0x000002b0                _Z11eepromWritetPhm
 .text._Z10eepromReadPhtm
                0x00000314       0x54 .\obj\eeprom.o
                0x00000314                _Z10eepromReadPhtm
 .text          0x00000368        0x0 .\obj\fio.o
 .text.GPIOInit
                0x00000368       0xb0 .\obj\fio.o
                0x00000368                GPIOInit
 .text          0x00000418        0x0 .\obj\irq.o
 .text._Z8init_VICv
                0x00000418       0x38 .\obj\irq.o
                0x00000418                _Z8init_VICv
 .text._Z11install_irqmPvm
                0x00000450       0x40 .\obj\irq.o
                0x00000450                _Z11install_irqmPvm
 .text          0x00000490        0x0 .\obj\main.o
 .text._vfprintf_r
                0x00000490        0x8 .\obj\main.o
                0x00000490                _vfprintf_r
 .text._malloc_r
                0x00000498        0x8 .\obj\main.o
                0x00000498                _malloc_r
 .text._free_r  0x000004a0        0x4 .\obj\main.o
                0x000004a0                _free_r
 .text._realloc_r
                0x000004a4        0x8 .\obj\main.o
                0x000004a4                _realloc_r
 .text.realloc  0x000004ac        0x8 .\obj\main.o
                0x000004ac                realloc
 .text._calloc_r
                0x000004b4        0x8 .\obj\main.o
                0x000004b4                _calloc_r
 .text.malloc   0x000004bc        0x8 .\obj\main.o
                0x000004bc                malloc
 .text.free     0x000004c4        0x4 .\obj\main.o
                0x000004c4                free
 .text._GLOBAL__I__vfprintf_r
                0x000004c8       0x1c .\obj\main.o
 .text._Z10BufferLoadjh
                0x000004e4       0xa0 .\obj\main.o
                0x000004e4                _Z10BufferLoadjh
 .text._Z9BlockReadjh
                0x00000584       0x84 .\obj\main.o
                0x00000584                _Z9BlockReadjh
 .text._Z16ButterflyServicec
                0x00000608      0x38c .\obj\main.o
                0x00000608                _Z16ButterflyServicec
 .text.main     0x00000994      0x114 .\obj\main.o
                0x00000994                main
 .text          0x00000aa8        0x0 .\obj\nothrow.o
 .text._Z5raisei
                0x00000aa8        0x8 .\obj\nothrow.o
                0x00000aa8                _Z5raisei
 .text.__aeabi_atexit
                0x00000ab0        0x8 .\obj\nothrow.o
                0x00000ab0                __aeabi_atexit
 .text._ZdlPv   0x00000ab8       0x10 .\obj\nothrow.o
                0x00000ab8                _ZdlPv
 .text._Znwj    0x00000ac8       0x10 .\obj\nothrow.o
                0x00000ac8                _Znwj
 .text          0x00000ad8        0x0 .\obj\sbl_iap.o
 .text._Z9iap_entryPjS_
                0x00000ad8       0x18 .\obj\sbl_iap.o
                0x00000ad8                _Z9iap_entryPjS_
 .text._Z14prepare_sectorjjj
                0x00000af0       0x2c .\obj\sbl_iap.o
                0x00000af0                _Z14prepare_sectorjjj
 .text._Z12erase_sectorjjj
                0x00000b1c       0x2c .\obj\sbl_iap.o
                0x00000b1c                _Z12erase_sectorjjj
 .text._Z17enable_interruptsj
                0x00000b48        0xc .\obj\sbl_iap.o
                0x00000b48                _Z17enable_interruptsj
 .text._Z18disable_interruptsj
                0x00000b54        0xc .\obj\sbl_iap.o
                0x00000b54                _Z18disable_interruptsj
 .text._Z10write_datajjPjj
                0x00000b60       0x54 .\obj\sbl_iap.o
                0x00000b60                _Z10write_datajjPjj
 .text._Z25find_erase_prepare_sectorjjb
                0x00000bb4       0x9c .\obj\sbl_iap.o
                0x00000bb4                _Z25find_erase_prepare_sectorjjb
 .text._Z11write_flashPjPhjb
                0x00000c50       0xd8 .\obj\sbl_iap.o
                0x00000c50                _Z11write_flashPjPhjb
 .text._Z17execute_user_codev
                0x00000d28       0x24 .\obj\sbl_iap.o
                0x00000d28                _Z17execute_user_codev
 .text._Z17user_code_presentv
                0x00000d4c       0x48 .\obj\sbl_iap.o
                0x00000d4c                _Z17user_code_presentv
 .text._Z19check_isp_entry_pinv
                0x00000d94       0x18 .\obj\sbl_iap.o
                0x00000d94                _Z19check_isp_entry_pinv
 .text._Z16erase_user_flashv
                0x00000dac       0x4c .\obj\sbl_iap.o
                0x00000dac                _Z16erase_user_flashv
 .text          0x00000df8        0x0 .\obj\serial.o
 .text._Z9SerialISRh
                0x00000df8       0xd8 .\obj\serial.o
                0x00000df8                _Z9SerialISRh
 .text._Z10Serial0ISRv
                0x00000ed0       0x30 .\obj\serial.o
                0x00000ed0                _Z10Serial0ISRv
 .text._Z10Serial1ISRv
                0x00000f00       0x30 .\obj\serial.o
                0x00000f00                _Z10Serial1ISRv
 .text._Z10Serial2ISRv
                0x00000f30       0x30 .\obj\serial.o
                0x00000f30                _Z10Serial2ISRv
 .text._Z10Serial3ISRv
                0x00000f60       0x30 .\obj\serial.o
                0x00000f60                _Z10Serial3ISRv
 .text._Z22findDivisorAndPrescalemmbRmS_
                0x00000f90      0x160 .\obj\serial.o
                0x00000f90                _Z22findDivisorAndPrescalemmbRmS_
 .text._Z15SerialAvailableh
                0x000010f0       0x24 .\obj\serial.o
                0x000010f0                _Z15SerialAvailableh
 .text._Z11SerialWritehi
                0x00001114       0x28 .\obj\serial.o
                0x00001114                _Z11SerialWritehi
 .text._Z9SerialStrhPc
                0x0000113c       0x34 .\obj\serial.o
                0x0000113c                _Z9SerialStrhPc
 .text._Z10SerialReadh
                0x00001170       0x48 .\obj\serial.o
                0x00001170                _Z10SerialReadh
 .text._Z11SerialFlushh
                0x000011b8       0x1c .\obj\serial.o
                0x000011b8                _Z11SerialFlushh
 .text._Z14SerialBusyReadh
                0x000011d4       0x20 .\obj\serial.o
                0x000011d4                _Z14SerialBusyReadh
 .text._Z11SerialBeginhm
                0x000011f4      0x164 .\obj\serial.o
                0x000011f4                _Z11SerialBeginhm
 .text          0x00001358        0x0 .\obj\sfbchecksum.o
 .text._Z15SFBChecksumInitPm
                0x00001358       0x1c .\obj\sfbchecksum.o
                0x00001358                _Z15SFBChecksumInitPm
 .text._Z18SFBChecksumAddBytePmc
                0x00001374       0x2c .\obj\sfbchecksum.o
                0x00001374                _Z18SFBChecksumAddBytePmc
 .text._Z19SFBChecksumAddBytesPmPKci
                0x000013a0       0x38 .\obj\sfbchecksum.o
                0x000013a0                _Z19SFBChecksumAddBytesPmPKci
 .text._Z16SFBChecksumEqualPKmS0_
                0x000013d8       0x2c .\obj\sfbchecksum.o
                0x000013d8                _Z16SFBChecksumEqualPKmS0_
 .text._Z19SFBChecksumToStringPm
                0x00001404       0x6c .\obj\sfbchecksum.o
                0x00001404                _Z19SFBChecksumToStringPm
 .text._Z21SFBChecksumFromStringPmPKc
                0x00001470       0x98 .\obj\sfbchecksum.o
                0x00001470                _Z21SFBChecksumFromStringPmPKc
 .text          0x00001508        0x0 .\obj\sfboard_tests.o
 .text._Z8spinLEDsj
                0x00001508      0x144 .\obj\sfboard_tests.o
                0x00001508                _Z8spinLEDsj
 .text._Z19toggleOutboundPowerv
                0x0000164c       0xe8 .\obj\sfboard_tests.o
                0x0000164c                _Z19toggleOutboundPowerv
 .text._Z13wiggleAllPinsv
                0x00001734       0x78 .\obj\sfboard_tests.o
                0x00001734                _Z13wiggleAllPinsv
 .text._Z13turnOnAllLEDsv
                0x000017ac       0x38 .\obj\sfboard_tests.o
                0x000017ac                _Z13turnOnAllLEDsv
 .text          0x000017e4        0x0 .\obj\sys_init.o
 .text._Z7sysInitv
                0x000017e4      0x124 .\obj\sys_init.o
                0x000017e4                _Z7sysInitv
 .text          0x00001908        0x0 .\obj\syscalls.o
 .text._read    0x00001908        0x8 .\obj\syscalls.o
                0x00001908                _read
 .text._lseek   0x00001910        0x8 .\obj\syscalls.o
                0x00001910                _lseek
 .text._write   0x00001918        0x8 .\obj\syscalls.o
                0x00001918                _write
 .text._open    0x00001920       0x10 .\obj\syscalls.o
                0x00001920                _open
 .text._close   0x00001930        0x8 .\obj\syscalls.o
                0x00001930                _close
 .text._kill    0x00001938        0x8 .\obj\syscalls.o
                0x00001938                _kill
 .text._getpid  0x00001940        0x8 .\obj\syscalls.o
                0x00001940                _getpid
 .text._sbrk    0x00001948        0x8 .\obj\syscalls.o
                0x00001948                _sbrk
 .text._fstat   0x00001950        0x8 .\obj\syscalls.o
                0x00001950                _fstat
 .text._link    0x00001958        0x8 .\obj\syscalls.o
                0x00001958                _link
 .text._unlink  0x00001960        0x8 .\obj\syscalls.o
                0x00001960                _unlink
 .text.isatty   0x00001968        0x8 .\obj\syscalls.o
                0x00001968                isatty
 .text.__exidx_start
                0x00001970        0x4 .\obj\syscalls.o
                0x00001970                __exidx_start
 .text.__exidx_end
                0x00001974        0x4 .\obj\syscalls.o
                0x00001974                __exidx_end
 .text.abort    0x00001978        0x4 .\obj\syscalls.o
                0x00001978                abort
 .text._init    0x0000197c        0x4 .\obj\syscalls.o
                0x0000197c                _init
 .text          0x00001980        0x0 .\obj\wiring.o
 .text._Z12digitalWritehh
                0x00001980       0x5c .\obj\wiring.o
                0x00001980                _Z12digitalWritehh
 .text._Z11digitalReadh
                0x000019dc       0x2c .\obj\wiring.o
                0x000019dc                _Z11digitalReadh
 .text._Z7pinModehh
                0x00001a08       0x30 .\obj\wiring.o
                0x00001a08                _Z7pinModehh
 .text          0x00001a38        0x0 .\obj\wiring_pins.o
 .text          0x00001a38      0x114 /cygdrive/f/ARM2008q3-66-GPL/build/install/Bin/../lib/gcc/arm-none-eabi/4.3.2/libgcc.a(_udivsi3.o)
                0x00001a38                __udivsi3
                0x00001a38                __aeabi_uidiv
                0x00001b2c                __aeabi_uidivmod
 .text          0x00001b4c        0x4 /cygdrive/f/ARM2008q3-66-GPL/build/install/Bin/../lib/gcc/arm-none-eabi/4.3.2/libgcc.a(_dvmd_tls.o)
                0x00001b4c                __aeabi_ldiv0
                0x00001b4c                __aeabi_idiv0
 *(.gnu.linkonce.t.*)
 *(.glue_7)
 .glue_7        0x00001b50        0x0 .\obj\crt0.o
 .glue_7        0x00001b50        0x0 .\obj\armvic.o
 .glue_7        0x00001b50        0x0 .\obj\eeprom.o
 .glue_7        0x00001b50        0x0 .\obj\fio.o
 .glue_7        0x00001b50        0x0 .\obj\irq.o
 .glue_7        0x00001b50        0x0 .\obj\main.o
 .glue_7        0x00001b50        0x0 .\obj\nothrow.o
 .glue_7        0x00001b50        0x0 .\obj\sbl_iap.o
 .glue_7        0x00001b50        0x0 .\obj\serial.o
 .glue_7        0x00001b50        0x0 .\obj\sfbchecksum.o
 .glue_7        0x00001b50        0x0 .\obj\sfboard_tests.o
 .glue_7        0x00001b50        0x0 .\obj\sys_init.o
 .glue_7        0x00001b50        0x0 .\obj\syscalls.o
 .glue_7        0x00001b50        0x0 .\obj\wiring.o
 .glue_7        0x00001b50        0x0 .\obj\wiring_pins.o
 .glue_7        0x00001b50        0x0 /cygdrive/f/ARM2008q3-66-GPL/build/install/Bin/../lib/gcc/arm-none-eabi/4.3.2/libgcc.a(_udivsi3.o)
 .glue_7        0x00001b50        0x0 /cygdrive/f/ARM2008q3-66-GPL/build/install/Bin/../lib/gcc/arm-none-eabi/4.3.2/libgcc.a(_dvmd_tls.o)
 *(.glue_7t)
 .glue_7t       0x00001b50        0x0 .\obj\crt0.o
 .glue_7t       0x00001b50        0x0 .\obj\armvic.o
 .glue_7t       0x00001b50        0x0 .\obj\eeprom.o
 .glue_7t       0x00001b50        0x0 .\obj\fio.o
 .glue_7t       0x00001b50        0x0 .\obj\irq.o
 .glue_7t       0x00001b50        0x0 .\obj\main.o
 .glue_7t       0x00001b50        0x0 .\obj\nothrow.o
 .glue_7t       0x00001b50        0x0 .\obj\sbl_iap.o
 .glue_7t       0x00001b50        0x0 .\obj\serial.o
 .glue_7t       0x00001b50        0x0 .\obj\sfbchecksum.o
 .glue_7t       0x00001b50        0x0 .\obj\sfboard_tests.o
 .glue_7t       0x00001b50        0x0 .\obj\sys_init.o
 .glue_7t       0x00001b50        0x0 .\obj\syscalls.o
 .glue_7t       0x00001b50        0x0 .\obj\wiring.o
 .glue_7t       0x00001b50        0x0 .\obj\wiring_pins.o
 .glue_7t       0x00001b50        0x0 /cygdrive/f/ARM2008q3-66-GPL/build/install/Bin/../lib/gcc/arm-none-eabi/4.3.2/libgcc.a(_udivsi3.o)
 .glue_7t       0x00001b50        0x0 /cygdrive/f/ARM2008q3-66-GPL/build/install/Bin/../lib/gcc/arm-none-eabi/4.3.2/libgcc.a(_dvmd_tls.o)
 *(.gcc_except_table)
 *(.rodata)
 *(.rodata*)
 .rodata.str1.1
                0x00001b50        0xa .\obj\main.o
 *fill*         0x00001b5a        0x2 00
 .rodata.sector_end_map
                0x00001b5c       0x80 .\obj\sbl_iap.o
                0x00001b5c                sector_end_map
 .rodata.sector_start_map
                0x00001bdc       0x80 .\obj\sbl_iap.o
                0x00001bdc                sector_start_map
 .rodata.str1.1
                0x00001c5c       0x11 .\obj\sfbchecksum.o
 *(.gnu.linkonce.r.*)
                0x00001c70                . = ALIGN (0x4)
 *fill*         0x00001c6d        0x3 00

.ARM.__at_0x1FC
                0x00001c70        0x4
 .ARM.__at_0x1FC
                0x00001c70        0x4 .\obj\sbl_iap.o
                0x00001c70                crp

.vfp11_veneer   0x00001c74        0x0
 .vfp11_veneer  0x00001c74        0x0 .\obj\crt0.o
 .vfp11_veneer  0x00001c74        0x0 .\obj\armvic.o
 .vfp11_veneer  0x00001c74        0x0 .\obj\eeprom.o
 .vfp11_veneer  0x00001c74        0x0 .\obj\fio.o
 .vfp11_veneer  0x00001c74        0x0 .\obj\irq.o
 .vfp11_veneer  0x00001c74        0x0 .\obj\main.o
 .vfp11_veneer  0x00001c74        0x0 .\obj\nothrow.o
 .vfp11_veneer  0x00001c74        0x0 .\obj\sbl_iap.o
 .vfp11_veneer  0x00001c74        0x0 .\obj\serial.o
 .vfp11_veneer  0x00001c74        0x0 .\obj\sfbchecksum.o
 .vfp11_veneer  0x00001c74        0x0 .\obj\sfboard_tests.o
 .vfp11_veneer  0x00001c74        0x0 .\obj\sys_init.o
 .vfp11_veneer  0x00001c74        0x0 .\obj\syscalls.o
 .vfp11_veneer  0x00001c74        0x0 .\obj\wiring.o
 .vfp11_veneer  0x00001c74        0x0 .\obj\wiring_pins.o
 .vfp11_veneer  0x00001c74        0x0 /cygdrive/f/ARM2008q3-66-GPL/build/install/Bin/../lib/gcc/arm-none-eabi/4.3.2/libgcc.a(_udivsi3.o)
 .vfp11_veneer  0x00001c74        0x0 /cygdrive/f/ARM2008q3-66-GPL/build/install/Bin/../lib/gcc/arm-none-eabi/4.3.2/libgcc.a(_dvmd_tls.o)

.janus_2cc_veneer
                0x00001c74        0x0
 .janus_2cc_veneer
                0x00001c74        0x0 .\obj\crt0.o
 .janus_2cc_veneer
                0x00001c74        0x0 .\obj\armvic.o
 .janus_2cc_veneer
                0x00001c74        0x0 .\obj\eeprom.o
 .janus_2cc_veneer
                0x00001c74        0x0 .\obj\fio.o
 .janus_2cc_veneer
                0x00001c74        0x0 .\obj\irq.o
 .janus_2cc_veneer
                0x00001c74        0x0 .\obj\main.o
 .janus_2cc_veneer
                0x00001c74        0x0 .\obj\nothrow.o
 .janus_2cc_veneer
                0x00001c74        0x0 .\obj\sbl_iap.o
 .janus_2cc_veneer
                0x00001c74        0x0 .\obj\serial.o
 .janus_2cc_veneer
                0x00001c74        0x0 .\obj\sfbchecksum.o
 .janus_2cc_veneer
                0x00001c74        0x0 .\obj\sfboard_tests.o
 .janus_2cc_veneer
                0x00001c74        0x0 .\obj\sys_init.o
 .janus_2cc_veneer
                0x00001c74        0x0 .\obj\syscalls.o
 .janus_2cc_veneer
                0x00001c74        0x0 .\obj\wiring.o
 .janus_2cc_veneer
                0x00001c74        0x0 .\obj\wiring_pins.o
 .janus_2cc_veneer
                0x00001c74        0x0 /cygdrive/f/ARM2008q3-66-GPL/build/install/Bin/../lib/gcc/arm-none-eabi/4.3.2/libgcc.a(_udivsi3.o)
 .janus_2cc_veneer
                0x00001c74        0x0 /cygdrive/f/ARM2008q3-66-GPL/build/install/Bin/../lib/gcc/arm-none-eabi/4.3.2/libgcc.a(_dvmd_tls.o)

.v4_bx          0x00001c74        0x0
 .v4_bx         0x00001c74        0x0 .\obj\crt0.o
 .v4_bx         0x00001c74        0x0 .\obj\armvic.o
 .v4_bx         0x00001c74        0x0 .\obj\eeprom.o
 .v4_bx         0x00001c74        0x0 .\obj\fio.o
 .v4_bx         0x00001c74        0x0 .\obj\irq.o
 .v4_bx         0x00001c74        0x0 .\obj\main.o
 .v4_bx         0x00001c74        0x0 .\obj\nothrow.o
 .v4_bx         0x00001c74        0x0 .\obj\sbl_iap.o
 .v4_bx         0x00001c74        0x0 .\obj\serial.o
 .v4_bx         0x00001c74        0x0 .\obj\sfbchecksum.o
 .v4_bx         0x00001c74        0x0 .\obj\sfboard_tests.o
 .v4_bx         0x00001c74        0x0 .\obj\sys_init.o
 .v4_bx         0x00001c74        0x0 .\obj\syscalls.o
 .v4_bx         0x00001c74        0x0 .\obj\wiring.o
 .v4_bx         0x00001c74        0x0 .\obj\wiring_pins.o
 .v4_bx         0x00001c74        0x0 /cygdrive/f/ARM2008q3-66-GPL/build/install/Bin/../lib/gcc/arm-none-eabi/4.3.2/libgcc.a(_udivsi3.o)
 .v4_bx         0x00001c74        0x0 /cygdrive/f/ARM2008q3-66-GPL/build/install/Bin/../lib/gcc/arm-none-eabi/4.3.2/libgcc.a(_dvmd_tls.o)
                0x00001c74                . = ALIGN (0x4)

.ctors          0x00001c74        0x0
                0x00001c74                PROVIDE (__ctors_start__, .)
 *(SORT(.ctors.*))
 *(.ctors)
                0x00001c74                . = ALIGN (0x4)
                0x00001c74                PROVIDE (__ctors_end__, .)
                0x00001c74                . = ALIGN (0x4)

.dtors          0x00001c74        0x0
                0x00001c74                PROVIDE (__dtors_start__, .)
 *(SORT(.dtors.*))
 *(.dtors)
                0x00001c74                . = ALIGN (0x4)
                0x00001c74                PROVIDE (__dtors_end__, .)
                0x00001c74                . = ALIGN (0x4)
                0x00001c74                . = ALIGN (0x4)
                0x00001c74                _etext = .
                0x00001c74                PROVIDE (etext, .)

.data           0x40000000      0x160 load address 0x00001c74
                0x40000000                _data = .
 *(.vectmapped)
                0x40000000                . = ALIGN (0x4)
 *(.fastrun)
                0x40000000                . = ALIGN (0x4)
                0x40000000                . = ALIGN (0x4)
 *(.data)
 .data          0x40000000        0x0 .\obj\crt0.o
 .data          0x40000000        0x0 .\obj\armvic.o
 .data          0x40000000        0x0 .\obj\eeprom.o
 .data          0x40000000        0x0 .\obj\fio.o
 .data          0x40000000        0x0 .\obj\irq.o
 .data          0x40000000        0x0 .\obj\main.o
 .data          0x40000000        0x0 .\obj\nothrow.o
 .data          0x40000000        0x0 .\obj\sbl_iap.o
 .data          0x40000000        0x0 .\obj\serial.o
 .data          0x40000000        0x0 .\obj\sfbchecksum.o
 .data          0x40000000        0x0 .\obj\sfboard_tests.o
 .data          0x40000000        0x0 .\obj\sys_init.o
 .data          0x40000000        0x0 .\obj\syscalls.o
 .data          0x40000000        0x0 .\obj\wiring.o
 .data          0x40000000        0x0 .\obj\wiring_pins.o
 .data          0x40000000        0x0 /cygdrive/f/ARM2008q3-66-GPL/build/install/Bin/../lib/gcc/arm-none-eabi/4.3.2/libgcc.a(_udivsi3.o)
 .data          0x40000000        0x0 /cygdrive/f/ARM2008q3-66-GPL/build/install/Bin/../lib/gcc/arm-none-eabi/4.3.2/libgcc.a(_dvmd_tls.o)
 *(.data.*)
 .data.kApplicationStartAddr
                0x40000000        0x4 .\obj\main.o
                0x40000000                kApplicationStartAddr
 .data.gConfigMemPtr
                0x40000004        0x4 .\obj\main.o
                0x40000004                gConfigMemPtr
 .data.cclk     0x40000008        0x4 .\obj\sbl_iap.o
                0x40000008                cclk
 .data.uartPins
                0x4000000c       0x60 .\obj\serial.o
                0x4000000c                uartPins
 .data.uartReg  0x4000006c       0x10 .\obj\serial.o
                0x4000006c                uartReg
 .data.uartInts
                0x4000007c       0x20 .\obj\serial.o
                0x4000007c                uartInts
 .data.PinTable
                0x4000009c       0xc4 .\obj\wiring_pins.o
                0x4000009c                PinTable
 *(.gnu.linkonce.d*)
                0x40000160                . = ALIGN (0x4)

.init_array     0x40000160        0x4 load address 0x00001dd4
 .init_array    0x40000160        0x4 .\obj\main.o
                0x40000164                . = ALIGN (0x4)
                0x40000164                _edata = .
                0x40000164                PROVIDE (edata, .)

.bss            0x40000168      0x5d8 load address 0x00001ddc
                0x40000168                __bss_start = .
                0x40000168                __bss_start__ = .
 *(.bss)
 .bss           0x40000168        0x0 .\obj\crt0.o
 .bss           0x40000168        0x0 .\obj\armvic.o
 .bss           0x40000168        0x0 .\obj\eeprom.o
 .bss           0x40000168        0x0 .\obj\fio.o
 .bss           0x40000168        0x0 .\obj\irq.o
 .bss           0x40000168        0x0 .\obj\main.o
 .bss           0x40000168        0x0 .\obj\nothrow.o
 .bss           0x40000168        0x0 .\obj\sbl_iap.o
 .bss           0x40000168        0x0 .\obj\serial.o
 .bss           0x40000168        0x0 .\obj\sfbchecksum.o
 .bss           0x40000168        0x0 .\obj\sfboard_tests.o
 .bss           0x40000168        0x0 .\obj\sys_init.o
 .bss           0x40000168        0x0 .\obj\syscalls.o
 .bss           0x40000168        0x0 .\obj\wiring.o
 .bss           0x40000168        0x0 .\obj\wiring_pins.o
 .bss           0x40000168        0x0 /cygdrive/f/ARM2008q3-66-GPL/build/install/Bin/../lib/gcc/arm-none-eabi/4.3.2/libgcc.a(_udivsi3.o)
 .bss           0x40000168        0x0 /cygdrive/f/ARM2008q3-66-GPL/build/install/Bin/../lib/gcc/arm-none-eabi/4.3.2/libgcc.a(_dvmd_tls.o)
 *(.bss.*)
 .bss.gDevType  0x40000168        0x1 .\obj\main.o
                0x40000168                gDevType
 *fill*         0x40000169        0x7 00
 .bss.wait      0x40000170        0x8 .\obj\main.o
                0x40000170                wait
 .bss.uart      0x40000178        0x1 .\obj\main.o
                0x40000178                uart
 .bss.gRecvCommand
                0x40000179        0x1 .\obj\main.o
                0x40000179                gRecvCommand
 .bss.gBuffer   0x4000017a      0x200 .\obj\main.o
                0x4000017a                gBuffer
 *fill*         0x4000037a        0x2 00
 .bss.gAddress  0x4000037c        0x4 .\obj\main.o
                0x4000037c                gAddress
 .bss.gConfigMem
                0x40000380       0x18 .\obj\main.o
                0x40000380                gConfigMem
 .bss.gSFBootValidChecksum
                0x40000398        0x1 .\obj\main.o
                0x40000398                gSFBootValidChecksum
 *fill*         0x40000399        0x3 00
 .bss.purge     0x4000039c        0x4 .\obj\main.o
                0x4000039c                purge
 .bss.x         0x400003a0        0x1 .\obj\main.o
                0x400003a0                x
 .bss.gDevice   0x400003a1        0x1 .\obj\main.o
                0x400003a1                gDevice
 *fill*         0x400003a2        0x2 00
 .bss._ZL8gRunning
                0x400003a4        0x8 .\obj\main.o
 .bss.pin       0x400003ac        0x1 .\obj\main.o
                0x400003ac                pin
 .bss.index     0x400003ad        0x1 .\obj\main.o
                0x400003ad                index
 *fill*         0x400003ae        0x2 00
 .bss.gAddressPgm
                0x400003b0        0x4 .\obj\main.o
                0x400003b0                gAddressPgm
 .bss.app_code_entry
                0x400003b4        0x4 .\obj\main.o
                0x400003b4                app_code_entry
 .bss.user_code_entry
                0x400003b8        0x4 .\obj\sbl_iap.o
                0x400003b8                user_code_entry
 .bss.flash_address
                0x400003bc        0x4 .\obj\sbl_iap.o
                0x400003bc                flash_address
 .bss.result_table
                0x400003c0       0x14 .\obj\sbl_iap.o
                0x400003c0                result_table
 .bss.param_table
                0x400003d4       0x14 .\obj\sbl_iap.o
                0x400003d4                param_table
 .bss.flash_buf
                0x400003e8      0x200 .\obj\sbl_iap.o
                0x400003e8                flash_buf
 .bss.byte_ctr  0x400005e8        0x4 .\obj\sbl_iap.o
                0x400005e8                byte_ctr
 .bss.uartData  0x400005ec      0x140 .\obj\serial.o
                0x400005ec                uartData
 .bss._ZL3buf   0x4000072c       0x11 .\obj\sfbchecksum.o
 *(.gnu.linkonce.b*)
 *(COMMON)
                0x40000740                . = ALIGN (0x4)
 *fill*         0x4000073d        0x3 00
                0x40000740                . = ALIGN (0x4)
                0x40000740                __bss_end__ = .
                0x40000740                PROVIDE (__bss_end, .)

.stack          0x40000800      0x300
 *(.stack)
 *(.STACK)
 .STACK         0x40000800      0x300 .\obj\crt0.o
                0x40000b00                PROVIDE (_stack, .)
                0x40000b00                . = ALIGN (0x4)
                0x40000b00                _end = .
                0x40000b00                PROVIDE (end, .)

.heap           0x40000b00        0x0
 *(.HEAP)
 .HEAP          0x40000b00        0x0 .\obj\crt0.o
                0x40000b00                . = ALIGN (0x4)

.stab
 *(.stab)

.stabstr
 *(.stabstr)

.stab.excl
 *(.stab.excl)

.stab.exclstr
 *(.stab.exclstr)

.stab.index
 *(.stab.index)

.stab.indexstr
 *(.stab.indexstr)

.comment        0x00000000      0x222
 *(.comment)
 .comment       0x00000000       0x27 .\obj\armvic.o
 .comment       0x00000027       0x27 .\obj\eeprom.o
 .comment       0x0000004e       0x27 .\obj\fio.o
 .comment       0x00000075       0x27 .\obj\irq.o
 .comment       0x0000009c       0x27 .\obj\main.o
 .comment       0x000000c3       0x27 .\obj\nothrow.o
 .comment       0x000000ea       0x27 .\obj\sbl_iap.o
 .comment       0x00000111       0x27 .\obj\serial.o
 .comment       0x00000138       0x27 .\obj\sfbchecksum.o
 .comment       0x0000015f       0x27 .\obj\sfboard_tests.o
 .comment       0x00000186       0x27 .\obj\sys_init.o
 .comment       0x000001ad       0x27 .\obj\syscalls.o
 .comment       0x000001d4       0x27 .\obj\wiring.o
 .comment       0x000001fb       0x27 .\obj\wiring_pins.o

.debug
 *(.debug)

.line
 *(.line)

.debug_srcinfo
 *(.debug_srcinfo)

.debug_sfnames
 *(.debug_sfnames)

.debug_aranges  0x00000000      0x418
 *(.debug_aranges)
 .debug_aranges
                0x00000000       0x20 .\obj\crt0.o
 .debug_aranges
                0x00000020       0x58 .\obj\armvic.o
 .debug_aranges
                0x00000078       0x40 .\obj\eeprom.o
 .debug_aranges
                0x000000b8       0x20 .\obj\fio.o
 .debug_aranges
                0x000000d8       0x28 .\obj\irq.o
 .debug_aranges
                0x00000100       0x80 .\obj\main.o
 .debug_aranges
                0x00000180       0x38 .\obj\nothrow.o
 .debug_aranges
                0x000001b8       0x78 .\obj\sbl_iap.o
 .debug_aranges
                0x00000230       0x80 .\obj\serial.o
 .debug_aranges
                0x000002b0       0x48 .\obj\sfbchecksum.o
 .debug_aranges
                0x000002f8       0x38 .\obj\sfboard_tests.o
 .debug_aranges
                0x00000330       0x20 .\obj\sys_init.o
 .debug_aranges
                0x00000350       0x98 .\obj\syscalls.o
 .debug_aranges
                0x000003e8       0x30 .\obj\wiring.o

.debug_pubnames
                0x00000000      0x805
 *(.debug_pubnames)
 .debug_pubnames
                0x00000000       0x6a .\obj\armvic.o
 .debug_pubnames
                0x0000006a       0x5b .\obj\eeprom.o
 .debug_pubnames
                0x000000c5       0x1f .\obj\fio.o
 .debug_pubnames
                0x000000e4       0x2f .\obj\irq.o
 .debug_pubnames
                0x00000113      0x1a2 .\obj\main.o
 .debug_pubnames
                0x000002b5       0x54 .\obj\nothrow.o
 .debug_pubnames
                0x00000309      0x1a2 .\obj\sbl_iap.o
 .debug_pubnames
                0x000004ab      0x11e .\obj\serial.o
 .debug_pubnames
                0x000005c9       0x9c .\obj\sfbchecksum.o
 .debug_pubnames
                0x00000665       0x5b .\obj\sfboard_tests.o
 .debug_pubnames
                0x000006c0       0x1e .\obj\sys_init.o
 .debug_pubnames
                0x000006de       0xc9 .\obj\syscalls.o
 .debug_pubnames
                0x000007a7       0x3f .\obj\wiring.o
 .debug_pubnames
                0x000007e6       0x1f .\obj\wiring_pins.o

.debug_info     0x00000000     0x2f66
 *(.debug_info .gnu.linkonce.wi.*)
 .debug_info    0x00000000       0x63 .\obj\crt0.o
 .debug_info    0x00000063      0x1da .\obj\armvic.o
 .debug_info    0x0000023d      0x201 .\obj\eeprom.o
 .debug_info    0x0000043e       0xc3 .\obj\fio.o
 .debug_info    0x00000501      0x118 .\obj\irq.o
 .debug_info    0x00000619      0xe4b .\obj\main.o
 .debug_info    0x00001464      0x160 .\obj\nothrow.o
 .debug_info    0x000015c4      0x49b .\obj\sbl_iap.o
 .debug_info    0x00001a5f      0x81c .\obj\serial.o
 .debug_info    0x0000227b      0x29d .\obj\sfbchecksum.o
 .debug_info    0x00002518      0x175 .\obj\sfboard_tests.o
 .debug_info    0x0000268d       0xd3 .\obj\sys_init.o
 .debug_info    0x00002760      0x4e8 .\obj\syscalls.o
 .debug_info    0x00002c48      0x1ed .\obj\wiring.o
 .debug_info    0x00002e35      0x131 .\obj\wiring_pins.o

.debug_abbrev   0x00000000     0x1085
 *(.debug_abbrev)
 .debug_abbrev  0x00000000       0x14 .\obj\crt0.o
 .debug_abbrev  0x00000014       0xc4 .\obj\armvic.o
 .debug_abbrev  0x000000d8       0xee .\obj\eeprom.o
 .debug_abbrev  0x000001c6       0x6a .\obj\fio.o
 .debug_abbrev  0x00000230       0xb3 .\obj\irq.o
 .debug_abbrev  0x000002e3      0x2f8 .\obj\main.o
 .debug_abbrev  0x000005db       0xee .\obj\nothrow.o
 .debug_abbrev  0x000006c9      0x1a0 .\obj\sbl_iap.o
 .debug_abbrev  0x00000869      0x28c .\obj\serial.o
 .debug_abbrev  0x00000af5      0x13d .\obj\sfbchecksum.o
 .debug_abbrev  0x00000c32       0xda .\obj\sfboard_tests.o
 .debug_abbrev  0x00000d0c       0x9b .\obj\sys_init.o
 .debug_abbrev  0x00000da7      0x121 .\obj\syscalls.o
 .debug_abbrev  0x00000ec8      0x11b .\obj\wiring.o
 .debug_abbrev  0x00000fe3       0xa2 .\obj\wiring_pins.o

.debug_line     0x00000000     0x119b
 *(.debug_line)
 .debug_line    0x00000000       0x82 .\obj\crt0.o
 .debug_line    0x00000082       0xbf .\obj\armvic.o
 .debug_line    0x00000141      0x11c .\obj\eeprom.o
 .debug_line    0x0000025d       0x5c .\obj\fio.o
 .debug_line    0x000002b9       0x73 .\obj\irq.o
 .debug_line    0x0000032c      0x331 .\obj\main.o
 .debug_line    0x0000065d       0xc8 .\obj\nothrow.o
 .debug_line    0x00000725      0x184 .\obj\sbl_iap.o
 .debug_line    0x000008a9      0x22b .\obj\serial.o
 .debug_line    0x00000ad4      0x137 .\obj\sfbchecksum.o
 .debug_line    0x00000c0b      0x12c .\obj\sfboard_tests.o
 .debug_line    0x00000d37       0xf2 .\obj\sys_init.o
 .debug_line    0x00000e29      0x1c6 .\obj\syscalls.o
 .debug_line    0x00000fef       0xef .\obj\wiring.o
 .debug_line    0x000010de       0xbd .\obj\wiring_pins.o

.debug_frame    0x00000000      0x828
 *(.debug_frame)
 .debug_frame   0x00000000       0xc8 .\obj\armvic.o
 .debug_frame   0x000000c8       0x80 .\obj\eeprom.o
 .debug_frame   0x00000148       0x28 .\obj\fio.o
 .debug_frame   0x00000170       0x3c .\obj\irq.o
 .debug_frame   0x000001ac      0x114 .\obj\main.o
 .debug_frame   0x000002c0       0x60 .\obj\nothrow.o
 .debug_frame   0x00000320      0x124 .\obj\sbl_iap.o
 .debug_frame   0x00000444      0x128 .\obj\serial.o
 .debug_frame   0x0000056c       0x98 .\obj\sfbchecksum.o
 .debug_frame   0x00000604       0x80 .\obj\sfboard_tests.o
 .debug_frame   0x00000684       0x20 .\obj\sys_init.o
 .debug_frame   0x000006a4      0x11c .\obj\syscalls.o
 .debug_frame   0x000007c0       0x48 .\obj\wiring.o
 .debug_frame   0x00000808       0x20 /cygdrive/f/ARM2008q3-66-GPL/build/install/Bin/../lib/gcc/arm-none-eabi/4.3.2/libgcc.a(_udivsi3.o)

.debug_str      0x00000000     0x137a
 *(.debug_str)
 .debug_str     0x00000000       0xfd .\obj\armvic.o
                                0x137 (size before relaxing)
 .debug_str     0x000000fd      0x106 .\obj\eeprom.o
                                0x1d9 (size before relaxing)
 .debug_str     0x00000203       0x30 .\obj\fio.o
                                 0xf1 (size before relaxing)
 .debug_str     0x00000233       0x71 .\obj\irq.o
                                0x133 (size before relaxing)
 .debug_str     0x000002a4      0x5d8 .\obj\main.o
                                0x703 (size before relaxing)
 .debug_str     0x0000087c       0x67 .\obj\nothrow.o
                                0x148 (size before relaxing)
 .debug_str     0x000008e3      0x32f .\obj\sbl_iap.o
                                0x415 (size before relaxing)
 .debug_str     0x00000c12      0x34b .\obj\serial.o
                                0x47f (size before relaxing)
 .debug_str     0x00000f5d      0x137 .\obj\sfbchecksum.o
                                0x216 (size before relaxing)
 .debug_str     0x00001094       0xa6 .\obj\sfboard_tests.o
                                0x178 (size before relaxing)
 .debug_str     0x0000113a       0x3c .\obj\sys_init.o
                                0x10a (size before relaxing)
 .debug_str     0x00001176      0x150 .\obj\syscalls.o
                                0x268 (size before relaxing)
 .debug_str     0x000012c6       0xa4 .\obj\wiring.o
                                0x1ab (size before relaxing)
 .debug_str     0x0000136a       0x10 .\obj\wiring_pins.o
                                0x14b (size before relaxing)

.debug_loc      0x00000000      0xff6
 *(.debug_loc)
 .debug_loc     0x00000000      0x109 .\obj\armvic.o
 .debug_loc     0x00000109      0x111 .\obj\eeprom.o
 .debug_loc     0x0000021a       0x79 .\obj\fio.o
 .debug_loc     0x00000293       0x50 .\obj\irq.o
 .debug_loc     0x000002e3      0x195 .\obj\main.o
 .debug_loc     0x00000478       0x8a .\obj\nothrow.o
 .debug_loc     0x00000502      0x2ec .\obj\sbl_iap.o
 .debug_loc     0x000007ee      0x3d6 .\obj\serial.o
 .debug_loc     0x00000bc4      0x189 .\obj\sfbchecksum.o
 .debug_loc     0x00000d4d      0x130 .\obj\sfboard_tests.o
 .debug_loc     0x00000e7d       0xf0 .\obj\syscalls.o
 .debug_loc     0x00000f6d       0x89 .\obj\wiring.o

.debug_macinfo
 *(.debug_macinfo)

.debug_weaknames
 *(.debug_weaknames)

.debug_funcnames
 *(.debug_funcnames)

.debug_typenames
 *(.debug_typenames)

.debug_varnames
 *(.debug_varnames)
OUTPUT(.\obj\Blinky.elf elf32-littlearm)

.ARM.attributes
                0x00000000       0x2c
 .ARM.attributes
                0x00000000       0x1e .\obj\crt0.o
 .ARM.attributes
                0x0000001e       0x2e .\obj\armvic.o
 .ARM.attributes
                0x0000004c       0x2e .\obj\eeprom.o
 .ARM.attributes
                0x0000007a       0x2e .\obj\fio.o
 .ARM.attributes
                0x000000a8       0x2e .\obj\irq.o
 .ARM.attributes
                0x000000d6       0x2e .\obj\main.o
 .ARM.attributes
                0x00000104       0x2e .\obj\nothrow.o
 .ARM.attributes
                0x00000132       0x2e .\obj\sbl_iap.o
 .ARM.attributes
                0x00000160       0x2e .\obj\serial.o
 .ARM.attributes
                0x0000018e       0x2e .\obj\sfbchecksum.o
 .ARM.attributes
                0x000001bc       0x2e .\obj\sfboard_tests.o
 .ARM.attributes
                0x000001ea       0x2e .\obj\sys_init.o
 .ARM.attributes
                0x00000218       0x2e .\obj\syscalls.o
 .ARM.attributes
                0x00000246       0x2e .\obj\wiring.o
 .ARM.attributes
                0x00000274       0x2c .\obj\wiring_pins.o
 .ARM.attributes
                0x000002a0       0x14 /cygdrive/f/ARM2008q3-66-GPL/build/install/Bin/../lib/gcc/arm-none-eabi/4.3.2/libgcc.a(_udivsi3.o)
 .ARM.attributes
                0x000002b4       0x14 /cygdrive/f/ARM2008q3-66-GPL/build/install/Bin/../lib/gcc/arm-none-eabi/4.3.2/libgcc.a(_dvmd_tls.o)

.debug_ranges   0x00000000      0x430
 .debug_ranges  0x00000000       0x50 .\obj\armvic.o
 .debug_ranges  0x00000050       0x38 .\obj\eeprom.o
 .debug_ranges  0x00000088       0x18 .\obj\fio.o
 .debug_ranges  0x000000a0       0x20 .\obj\irq.o
 .debug_ranges  0x000000c0       0x90 .\obj\main.o
 .debug_ranges  0x00000150       0x30 .\obj\nothrow.o
 .debug_ranges  0x00000180       0x70 .\obj\sbl_iap.o
 .debug_ranges  0x000001f0       0xd0 .\obj\serial.o
 .debug_ranges  0x000002c0       0x58 .\obj\sfbchecksum.o
 .debug_ranges  0x00000318       0x30 .\obj\sfboard_tests.o
 .debug_ranges  0x00000348       0x30 .\obj\sys_init.o
 .debug_ranges  0x00000378       0x90 .\obj\syscalls.o
 .debug_ranges  0x00000408       0x28 .\obj\wiring.o
